<html>
<body>
<pre>
<h1>礦ision Build Log</h1>
<h2>Tool Versions:</h2>
IDE-Version: μVision V5.26.2.0
Copyright (C) 2018 ARM Ltd and ARM Germany GmbH. All rights reserved.
License Information: 0 Charles, HP Inc., LIC=PE7Z9-4ZDGV-CJD6Z-JFD31-KHDEG-7287C
 
Tool Versions:
Toolchain:       MDK-ARM Plus  Version: 5.26.2.0
Toolchain Path:  D:\KEIL_V5\ARM\ARMCC\Bin
C Compiler:      Armcc.exe V5.06 update 6 (build 750)
Assembler:       Armasm.exe V5.06 update 6 (build 750)
Linker/Locator:  ArmLink.exe V5.06 update 6 (build 750)
Library Manager: ArmAr.exe V5.06 update 6 (build 750)
Hex Converter:   FromElf.exe V5.06 update 6 (build 750)
CPU DLL:         SARMCM3.DLL V5.26.2.0
Dialog DLL:      DCM.DLL V1.17.2.0
Target DLL:      STLink\ST-LINKIII-KEIL_SWO.dll V3.0.5.0
Dialog DLL:      TCM.DLL V1.36.1.0
 
<h2>Project:</h2>
E:\MyCloud\教材\PID\PID算法控制电机3_位置式PID实现2\USER\Tempate.uvprojx
Project File Date:  10/03/2019

<h2>Output:</h2>
*** Using Compiler 'V5.06 update 6 (build 750)', folder: 'D:\KEIL_V5\ARM\ARMCC\Bin'
Rebuild target 'Template'
assembling startup_stm32f429xx.s...
compiling system_stm32f4xx.c...
compiling stm32f4xx_hal.c...
compiling stm32f4xx_hal_adc_ex.c...
compiling main.c...
compiling stm32f4xx_it.c...
compiling stm32f4xx_hal_adc.c...
compiling stm32f4xx_hal_msp.c...
compiling stm32f4xx_hal_cryp_ex.c...
compiling stm32f4xx_hal_crc.c...
compiling stm32f4xx_hal_cryp.c...
compiling stm32f4xx_hal_cec.c...
compiling stm32f4xx_hal_cortex.c...
compiling stm32f4xx_hal_dac.c...
compiling stm32f4xx_hal_can.c...
compiling stm32f4xx_hal_dac_ex.c...
compiling stm32f4xx_hal_dma.c...
compiling stm32f4xx_hal_dma_ex.c...
compiling stm32f4xx_hal_dcmi_ex.c...
compiling stm32f4xx_hal_dma2d.c...
compiling stm32f4xx_hal_dcmi.c...
compiling stm32f4xx_hal_eth.c...
compiling stm32f4xx_hal_fmpi2c.c...
compiling stm32f4xx_hal_fmpi2c_ex.c...
compiling stm32f4xx_hal_hash.c...
compiling stm32f4xx_hal_flash.c...
compiling stm32f4xx_hal_flash_ramfunc.c...
compiling stm32f4xx_hal_flash_ex.c...
compiling stm32f4xx_hal_gpio.c...
compiling stm32f4xx_hal_hash_ex.c...
compiling stm32f4xx_hal_i2c_ex.c...
compiling stm32f4xx_hal_i2s.c...
compiling stm32f4xx_hal_irda.c...
compiling stm32f4xx_hal_hcd.c...
compiling stm32f4xx_hal_i2c.c...
compiling stm32f4xx_hal_i2s_ex.c...
compiling stm32f4xx_hal_pcd_ex.c...
compiling stm32f4xx_hal_pccard.c...
compiling stm32f4xx_hal_nor.c...
compiling stm32f4xx_hal_iwdg.c...
compiling stm32f4xx_hal_ltdc.c...
compiling stm32f4xx_hal_nand.c...
compiling stm32f4xx_hal_pcd.c...
compiling stm32f4xx_hal_rtc.c...
compiling stm32f4xx_hal_qspi.c...
compiling stm32f4xx_hal_pwr_ex.c...
compiling stm32f4xx_hal_pwr.c...
compiling stm32f4xx_hal_rng.c...
compiling stm32f4xx_hal_rcc_ex.c...
compiling stm32f4xx_hal_rcc.c...
compiling stm32f4xx_hal_sai.c...
compiling stm32f4xx_hal_sdram.c...
compiling stm32f4xx_hal_sai_ex.c...
compiling stm32f4xx_hal_spdifrx.c...
compiling stm32f4xx_hal_smartcard.c...
compiling stm32f4xx_hal_rtc_ex.c...
compiling stm32f4xx_hal_sd.c...
compiling stm32f4xx_hal_sram.c...
compiling stm32f4xx_hal_uart.c...
compiling stm32f4xx_hal_wwdg.c...
compiling stm32f4xx_hal_spi.c...
compiling stm32f4xx_hal_tim_ex.c...
compiling stm32f4xx_hal_usart.c...
compiling stm32f4xx_hal_tim.c...
compiling delay.c...
compiling stm32f4xx_ll_fmc.c...
compiling stm32f4xx_ll_fsmc.c...
compiling sys.c...
compiling stm32f4xx_ll_sdmmc.c...
compiling stm32f4xx_ll_usb.c...
compiling usart.c...
compiling timer.c...
compiling led.c...
compiling encoder.c...
compiling pid.c...
compiling motor.c...
linking...
Program Size: Code=7802 RO-data=478 RW-data=64 ZI-data=2144  
FromELF: creating hex file...
"..\OBJ\Tempate.axf" - 0 Error(s), 0 Warning(s).

<h2>Software Packages used:</h2>

Package Vendor: Keil
                http://www.keil.com/pack/Keil.STM32F4xx_DFP.2.5.0.pack
                Keil.STM32F4xx_DFP.2.5.0
                STMicroelectronics STM32F4 Series Device Support, Drivers and Examples

<h2>Collection of Component include folders:</h2>
  .\RTE\_Template
  D:\KEIL_V5\ARM\PACK\Keil\STM32F4xx_DFP\2.5.0\Drivers\CMSIS\Device\ST\STM32F4xx\Include

<h2>Collection of Component Files used:</h2>
Build Time Elapsed:  00:00:50
</pre>
</body>
</html>
